// Jest Snapshot v1, https://goo.gl/fbAQLP

exports[`should compare snapshots 1`] = `
<DocumentFragment>
  <div>
    <div>
      <label
        for="favorite-fruit"
      >
        Add your favorite fruit:
      </label>
      <input
        id="favorite-fruit"
        name="favFruit"
        type="text"
        value=""
      />
    </div>
    <ul>
      <li>
        Apples
      </li>
      <li>
        Bananas
      </li>
      <li>
        Peaches
      </li>
      <li
        data-testid="oranges"
      >
        Oranges
      </li>
      <li />
    </ul>
  </div>
</DocumentFragment>
`;
